<html>
<body>
<pre>
<h1>µVision Build Log</h1>
<h2>Project:</h2>
D:\STM32_проекты\Bootloader_F4x\MDK-ARM\Bootloader_f4x.uvproj
Project File Date:  02/12/2017

<h2>Output:</h2>
Build target 'Target 1'
compiling main.c...
..\user\main.c(298): warning:  #177-D: variable "CAN_Data_TX" was declared but never referenced
        CANTX_TypeDef CAN_Data_TX;
..\user\main.c: 1 warning, 0 errors
linking...
Program Size: Code=6172 RO-data=1484 RW-data=52 ZI-data=1668  
FromELF: creating hex file...
".\output\Bootloader_f4x.axf" - 0 Error(s), 1 Warning(s).
Load "D:\\STM32_проекты\\Bootloader_F4x\\MDK-ARM\\output\\Bootloader_f4x.axf" 
Erase Done.
Programming Done.
Verify OK.
</pre>
</body>
</html>
