<html>
<body>
<pre>
<h1>µVision Build Log</h1>
<h2>Project:</h2>
D:\STM32_проекты\Bootloader_F4x\MDK-ARM\Bootloader_f4x.uvproj
Project File Date:  02/14/2017

<h2>Output:</h2>
Build target 'Target 1'
compiling main.c...
..\user\main.c(287): warning:  #177-D: variable "CAN_Data_TX" was declared but never referenced
        CANTX_TypeDef CAN_Data_TX;
..\user\main.c: 1 warning, 0 errors
linking...
Program Size: Code=6080 RO-data=1484 RW-data=52 ZI-data=1668  
FromELF: creating hex file...
".\output\Bootloader_f4x.axf" - 0 Error(s), 1 Warning(s).
Load "D:\\STM32_проекты\\Bootloader_F4x\\MDK-ARM\\output\\Bootloader_f4x.axf" 
Erase Done.
Programming Done.
Verify OK.
</pre>
</body>
</html>
ror(s), 1 Warning(s).
Load "D:\\STM32_проекты\\Bootloader_F4x\\MDK-ARM\\output\\Bootloader_f4x.axf" 
Erase Done.
Programming Done.
Verify OK.
 error:  #136: struct "<unnamed>" has no field "BSRRL"
      GPIOx->BSRRL = GPIO_Pin;
..\Libraries\STM32F4xx_StdPeriph_Driver\src\stm32f4xx_gpio.c(468): error:  #136: struct "<unnamed>" has no field "BSRRH"
      GPIOx->BSRRH = GPIO_Pin ;
..\Libraries\STM32F4xx_StdPeriph_Driver\src\stm32f4xx_gpio.c: 0 warnings, 4 errors
compiling stm32f4xx_rcc.c...
compiling stm32f4xx_spi.c...
compiling CAN.c...
".\output\Bootloader_f4x.axf" - 4 Error(s), 1 Warning(s).
Target not created
